Drawable.hpp:134:23:virtual touchgfx::Drawable* touchgfx::Drawable::getFirstChild()	0	static
Drawable.hpp:271:18:virtual void touchgfx::Drawable::setX(int16_t)	0	static
Drawable.hpp:283:18:virtual void touchgfx::Drawable::setY(int16_t)	0	static
Drawable.hpp:312:18:virtual void touchgfx::Drawable::setWidth(int16_t)	0	static
Drawable.hpp:324:18:virtual void touchgfx::Drawable::setHeight(int16_t)	0	static
Drawable.hpp:334:18:virtual void touchgfx::Drawable::childGeometryChanged()	0	static
Drawable.hpp:345:18:virtual void touchgfx::Drawable::handleClickEvent(const touchgfx::ClickEvent&)	0	static
Drawable.hpp:356:18:virtual void touchgfx::Drawable::handleGestureEvent(const touchgfx::GestureEvent&)	0	static
Drawable.hpp:444:18:virtual void touchgfx::Drawable::handleDragEvent(const touchgfx::DragEvent&)	0	static
Drawable.hpp:454:18:virtual void touchgfx::Drawable::handleTickEvent()	0	static
Drawable.hpp:541:18:virtual void touchgfx::Drawable::moveTo(int16_t, int16_t)	4	static
Drawable.hpp:656:18:virtual void touchgfx::Drawable::setupDrawChain(const touchgfx::Rect&, touchgfx::Drawable**)	0	static
Container.hpp:154:23:virtual touchgfx::Drawable* touchgfx::Container::getFirstChild()	0	static
Screen.hpp:96:18:virtual void touchgfx::Screen::setupScreen()	0	static
Screen.hpp:107:18:virtual void touchgfx::Screen::afterTransition()	0	static
Screen.hpp:118:18:virtual void touchgfx::Screen::tearDownScreen()	0	static
Screen.hpp:147:18:virtual void touchgfx::Screen::handleTickEvent()	0	static
Screen.hpp:157:18:virtual void touchgfx::Screen::handleKeyEvent(uint8_t)	0	static
Widget.hpp:50:18:virtual void touchgfx::Widget::getLastChild(int16_t, int16_t, touchgfx::Drawable**)	0	static
AbstractButtonContainer.hpp:115:18:virtual void touchgfx::AbstractButtonContainer::handlePressedUpdated()	0	static
AbstractButtonContainer.hpp:120:18:virtual void touchgfx::AbstractButtonContainer::handleAlphaUpdated()	0	static
AbstractButtonContainer.hpp:35:7:touchgfx::AbstractButtonContainer::~AbstractButtonContainer()	0	static
AbstractPainter.hpp:97:18:virtual void touchgfx::AbstractPainter::setAlpha(uint8_t)	0	static
AbstractPainter.hpp:103:21:virtual uint8_t touchgfx::AbstractPainter::getAlpha() const	0	static
View.hpp:40:7:touchgfx::View<Screen1Presenter>::~View()	0	static
Screen1ViewBase.hpp:20:13:Screen1ViewBase::~Screen1ViewBase()	0	static
Screen1ViewBase.cpp:48:6:virtual void Screen1ViewBase::setupScreen()	0	static
ClickButtonTrigger.hpp:36:7:touchgfx::ClickButtonTrigger::~ClickButtonTrigger()	0	static
Callback.hpp:362:8:touchgfx::Callback<Screen1ViewBase, const touchgfx::AbstractButtonContainer&>::~Callback()	0	static
ImageButtonStyle.hpp:45:7:touchgfx::ImageButtonStyle<touchgfx::ClickButtonTrigger>::~ImageButtonStyle()	0	static
Callback.hpp:392:18:void touchgfx::Callback<dest_type, T1, void, void>::execute(T1) [with dest_type = Screen1ViewBase; T1 = const touchgfx::AbstractButtonContainer&]	8	static
Callback.hpp:402:18:bool touchgfx::Callback<dest_type, T1, void, void>::isValid() const [with dest_type = Screen1ViewBase; T1 = const touchgfx::AbstractButtonContainer&]	0	static
ImageButtonStyle.hpp:104:18:void touchgfx::ImageButtonStyle<T>::handleAlphaUpdated() [with T = touchgfx::ClickButtonTrigger]	0	static
ImageButtonStyle.hpp:97:18:void touchgfx::ImageButtonStyle<T>::handlePressedUpdated() [with T = touchgfx::ClickButtonTrigger]	0	static
View.hpp:40:7:virtual touchgfx::View<Screen1Presenter>::~View()	8	static
AbstractButtonContainer.hpp:35:7:virtual touchgfx::AbstractButtonContainer::~AbstractButtonContainer()	8	static
ClickButtonTrigger.hpp:36:7:virtual touchgfx::ClickButtonTrigger::~ClickButtonTrigger()	8	static
ImageButtonStyle.hpp:45:7:virtual touchgfx::ImageButtonStyle<touchgfx::ClickButtonTrigger>::~ImageButtonStyle()	8	static
Callback.hpp:362:8:virtual touchgfx::Callback<Screen1ViewBase, const touchgfx::AbstractButtonContainer&>::~Callback()	8	static
Screen1ViewBase.hpp:20:13:virtual Screen1ViewBase::~Screen1ViewBase()	8	static
AbstractButtonContainer.hpp:100:18:virtual void touchgfx::AbstractButtonContainer::executeAction()	8	static
ClickButtonTrigger.hpp:48:18:virtual void touchgfx::ClickButtonTrigger::handleClickEvent(const touchgfx::ClickEvent&)	16	static
Screen1ViewBase.cpp:53:6:void Screen1ViewBase::flexButtonCallbackHandler(const touchgfx::AbstractButtonContainer&)	8	static
Drawable.hpp:53:5:touchgfx::Drawable::Drawable()	0	static
Drawable.hpp:299:10:void touchgfx::Drawable::setXY(int16_t, int16_t)	16	static
Drawable.hpp:367:10:void touchgfx::Drawable::setWidthHeight(int16_t, int16_t)	16	static
ImageButtonStyle.hpp:61:18:void touchgfx::ImageButtonStyle<T>::setBitmaps(const touchgfx::Bitmap&, const touchgfx::Bitmap&) [with T = touchgfx::ClickButtonTrigger]	16	static
HAL.hpp:226:17:static touchgfx::LCD& touchgfx::HAL::lcd()	0	static
Image.hpp:54:5:touchgfx::Image::Image(const touchgfx::Bitmap&)	16	static
AbstractPainterRGB565.hpp:44:5:touchgfx::AbstractPainterRGB565::AbstractPainterRGB565()	16	static
Screen1ViewBase.cpp:8:1:Screen1ViewBase::Screen1ViewBase()	72	static
