stm32f7xx_hal_msp.c:75:6:HAL_MspInit	8	static
stm32f7xx_hal_msp.c:97:6:HAL_ADC_MspInit	40	static
stm32f7xx_hal_msp.c:130:6:HAL_ADC_MspDeInit	0	static
stm32f7xx_hal_msp.c:158:6:HAL_CRC_MspInit	8	static
stm32f7xx_hal_msp.c:180:6:HAL_CRC_MspDeInit	0	static
stm32f7xx_hal_msp.c:202:6:HAL_DMA2D_MspInit	8	static
stm32f7xx_hal_msp.c:224:6:HAL_DMA2D_MspDeInit	0	static
stm32f7xx_hal_msp.c:246:6:HAL_I2C_MspInit	56	static
stm32f7xx_hal_msp.c:295:6:HAL_I2C_MspDeInit	8	static
stm32f7xx_hal_msp.c:329:6:HAL_LTDC_MspInit	72	static
stm32f7xx_hal_msp.c:458:6:HAL_LTDC_MspDeInit	8	static
stm32f7xx_hal_msp.c:523:6:HAL_QSPI_MspInit	64	static
stm32f7xx_hal_msp.c:605:6:HAL_QSPI_MspDeInit	8	static
stm32f7xx_hal_msp.c:644:6:HAL_RTC_MspInit	0	static
stm32f7xx_hal_msp.c:666:6:HAL_RTC_MspDeInit	0	static
stm32f7xx_hal_msp.c:688:6:HAL_SPI_MspInit	48	static
stm32f7xx_hal_msp.c:762:6:HAL_SPI_MspDeInit	8	static
stm32f7xx_hal_msp.c:795:6:HAL_TIM_PWM_MspInit	8	static
stm32f7xx_hal_msp.c:817:6:HAL_TIM_Base_MspInit	16	static
stm32f7xx_hal_msp.c:836:6:HAL_TIM_MspPostInit	32	static
stm32f7xx_hal_msp.c:868:6:HAL_TIM_PWM_MspDeInit	0	static
stm32f7xx_hal_msp.c:890:6:HAL_TIM_Base_MspDeInit	0	static
stm32f7xx_hal_msp.c:915:6:HAL_UART_MspInit	64	static
stm32f7xx_hal_msp.c:1047:6:HAL_UART_MspDeInit	8	static
stm32f7xx_hal_msp.c:1222:6:HAL_SDRAM_MspInit	48	static
stm32f7xx_hal_msp.c:1308:6:HAL_SDRAM_MspDeInit	8	static
