Drawable.hpp:134:23:virtual touchgfx::Drawable* touchgfx::Drawable::getFirstChild()	0	static
Drawable.hpp:271:18:virtual void touchgfx::Drawable::setX(int16_t)	0	static
Drawable.hpp:283:18:virtual void touchgfx::Drawable::setY(int16_t)	0	static
Drawable.hpp:312:18:virtual void touchgfx::Drawable::setWidth(int16_t)	0	static
Drawable.hpp:324:18:virtual void touchgfx::Drawable::setHeight(int16_t)	0	static
Drawable.hpp:334:18:virtual void touchgfx::Drawable::childGeometryChanged()	0	static
Drawable.hpp:345:18:virtual void touchgfx::Drawable::handleClickEvent(const touchgfx::ClickEvent&)	0	static
Drawable.hpp:356:18:virtual void touchgfx::Drawable::handleGestureEvent(const touchgfx::GestureEvent&)	0	static
Drawable.hpp:444:18:virtual void touchgfx::Drawable::handleDragEvent(const touchgfx::DragEvent&)	0	static
Drawable.hpp:454:18:virtual void touchgfx::Drawable::handleTickEvent()	0	static
Drawable.hpp:541:18:virtual void touchgfx::Drawable::moveTo(int16_t, int16_t)	4	static
Drawable.hpp:656:18:virtual void touchgfx::Drawable::setupDrawChain(const touchgfx::Rect&, touchgfx::Drawable**)	0	static
Container.hpp:154:23:virtual touchgfx::Drawable* touchgfx::Container::getFirstChild()	0	static
Screen.hpp:96:18:virtual void touchgfx::Screen::setupScreen()	0	static
Screen.hpp:107:18:virtual void touchgfx::Screen::afterTransition()	0	static
Screen.hpp:118:18:virtual void touchgfx::Screen::tearDownScreen()	0	static
Screen.hpp:147:18:virtual void touchgfx::Screen::handleTickEvent()	0	static
Screen.hpp:157:18:virtual void touchgfx::Screen::handleKeyEvent(uint8_t)	0	static
Widget.hpp:50:18:virtual void touchgfx::Widget::getLastChild(int16_t, int16_t, touchgfx::Drawable**)	0	static
AbstractButtonContainer.hpp:115:18:virtual void touchgfx::AbstractButtonContainer::handlePressedUpdated()	0	static
AbstractButtonContainer.hpp:120:18:virtual void touchgfx::AbstractButtonContainer::handleAlphaUpdated()	0	static
AbstractButtonContainer.hpp:35:7:touchgfx::AbstractButtonContainer::~AbstractButtonContainer()	0	static
TypedText.hpp:68:13:touchgfx::TypedText::~TypedText()	0	static
View.hpp:40:7:touchgfx::View<Screen2Presenter>::~View()	0	static
Screen2ViewBase.hpp:20:13:Screen2ViewBase::~Screen2ViewBase()	0	static
Screen2ViewBase.hpp:26:18:virtual void Screen2ViewBase::newGaugeValue()	0	static
Screen2ViewBase.cpp:55:6:virtual void Screen2ViewBase::setupScreen()	0	static
ClickButtonTrigger.hpp:36:7:touchgfx::ClickButtonTrigger::~ClickButtonTrigger()	0	static
Callback.hpp:362:8:touchgfx::Callback<Screen2ViewBase, const touchgfx::AbstractProgressIndicator&>::~Callback()	0	static
Callback.hpp:362:8:touchgfx::Callback<Screen2ViewBase, const touchgfx::AbstractButtonContainer&>::~Callback()	0	static
ImageButtonStyle.hpp:45:7:touchgfx::ImageButtonStyle<touchgfx::ClickButtonTrigger>::~ImageButtonStyle()	0	static
Callback.hpp:392:18:void touchgfx::Callback<dest_type, T1, void, void>::execute(T1) [with dest_type = Screen2ViewBase; T1 = const touchgfx::AbstractProgressIndicator&]	8	static
Callback.hpp:402:18:bool touchgfx::Callback<dest_type, T1, void, void>::isValid() const [with dest_type = Screen2ViewBase; T1 = const touchgfx::AbstractProgressIndicator&]	0	static
Callback.hpp:392:18:void touchgfx::Callback<dest_type, T1, void, void>::execute(T1) [with dest_type = Screen2ViewBase; T1 = const touchgfx::AbstractButtonContainer&]	8	static
Callback.hpp:402:18:bool touchgfx::Callback<dest_type, T1, void, void>::isValid() const [with dest_type = Screen2ViewBase; T1 = const touchgfx::AbstractButtonContainer&]	0	static
ImageButtonStyle.hpp:104:18:void touchgfx::ImageButtonStyle<T>::handleAlphaUpdated() [with T = touchgfx::ClickButtonTrigger]	0	static
ImageButtonStyle.hpp:97:18:void touchgfx::ImageButtonStyle<T>::handlePressedUpdated() [with T = touchgfx::ClickButtonTrigger]	0	static
TypedText.hpp:68:13:virtual touchgfx::TypedText::~TypedText()	8	static
View.hpp:40:7:virtual touchgfx::View<Screen2Presenter>::~View()	8	static
AbstractButtonContainer.hpp:35:7:virtual touchgfx::AbstractButtonContainer::~AbstractButtonContainer()	8	static
ClickButtonTrigger.hpp:36:7:virtual touchgfx::ClickButtonTrigger::~ClickButtonTrigger()	8	static
ImageButtonStyle.hpp:45:7:virtual touchgfx::ImageButtonStyle<touchgfx::ClickButtonTrigger>::~ImageButtonStyle()	8	static
Callback.hpp:362:8:virtual touchgfx::Callback<Screen2ViewBase, const touchgfx::AbstractButtonContainer&>::~Callback()	8	static
Callback.hpp:362:8:virtual touchgfx::Callback<Screen2ViewBase, const touchgfx::AbstractProgressIndicator&>::~Callback()	8	static
Screen2ViewBase.hpp:20:13:virtual Screen2ViewBase::~Screen2ViewBase()	8	static
AbstractButtonContainer.hpp:100:18:virtual void touchgfx::AbstractButtonContainer::executeAction()	8	static
Screen2ViewBase.cpp:71:6:void Screen2ViewBase::gaugeValueSetCallbackHandler(const touchgfx::AbstractProgressIndicator&)	0	static
ClickButtonTrigger.hpp:48:18:virtual void touchgfx::ClickButtonTrigger::handleClickEvent(const touchgfx::ClickEvent&)	16	static
Screen2ViewBase.cpp:60:6:void Screen2ViewBase::flexButtonCallbackHandler(const touchgfx::AbstractButtonContainer&)	8	static
Drawable.hpp:53:5:touchgfx::Drawable::Drawable()	0	static
Drawable.hpp:299:10:void touchgfx::Drawable::setXY(int16_t, int16_t)	16	static
Drawable.hpp:367:10:void touchgfx::Drawable::setWidthHeight(int16_t, int16_t)	16	static
ImageButtonStyle.hpp:61:18:void touchgfx::ImageButtonStyle<T>::setBitmaps(const touchgfx::Bitmap&, const touchgfx::Bitmap&) [with T = touchgfx::ClickButtonTrigger]	16	static
Image.hpp:54:5:touchgfx::Image::Image(const touchgfx::Bitmap&)	16	static
Color.hpp:51:22:static touchgfx::colortype touchgfx::Color::getColorFrom24BitRGB(uint8_t, uint8_t, uint8_t)	16	static
Screen2ViewBase.cpp:9:1:Screen2ViewBase::Screen2ViewBase()	80	static
